Loading tokenizer...
Loading shared model...
Input tokens: 39
Running one warm-up...

Testing concurrency=1
  Successful: 1
  Mean latency: 9.8509 s
  Batch time: 9.8513 s
  Aggregate throughput: 6.4966 tok/s
  Mean CPU: 86.71%
  Peak RSS: 4561.95 MiB

Testing concurrency=2
  Successful: 2
  Mean latency: 18.8595 s
  Batch time: 18.8826 s
  Aggregate throughput: 6.7787 tok/s
  Mean CPU: 86.93%
  Peak RSS: 4587.2 MiB

Testing concurrency=4
  Successful: 4
  Mean latency: 34.2376 s
  Batch time: 34.3167 s
  Aggregate throughput: 7.4599 tok/s
  Mean CPU: 97.09%
  Peak RSS: 4643.22 MiB

========== PHASE 9.6 SUMMARY ==========
[
  {
    "concurrency": 1,
    "successful_requests": 1,
    "failed_requests": 0,
    "batch_seconds": 9.8513,
    "total_output_tokens": 64,
    "aggregate_output_tokens_per_second": 6.4966,
    "mean_request_latency_seconds": 9.8509,
    "min_request_latency_seconds": 9.8509,
    "max_request_latency_seconds": 9.8509,
    "mean_process_cpu_normalized_percent": 86.71,
    "peak_process_cpu_normalized_percent": 94.0,
    "mean_host_cpu_percent": 86.83,
    "peak_rss_mib": 4561.95,
    "errors": []
  },
  {
    "concurrency": 2,
    "successful_requests": 2,
    "failed_requests": 0,
    "batch_seconds": 18.8826,
    "total_output_tokens": 128,
    "aggregate_output_tokens_per_second": 6.7787,
    "mean_request_latency_seconds": 18.8595,
    "min_request_latency_seconds": 18.8375,
    "max_request_latency_seconds": 18.8816,
    "mean_process_cpu_normalized_percent": 86.93,
    "peak_process_cpu_normalized_percent": 98.42,
    "mean_host_cpu_percent": 87.28,
    "peak_rss_mib": 4587.2,
    "errors": []
  },
  {
    "concurrency": 4,
    "successful_requests": 4,
    "failed_requests": 0,
    "batch_seconds": 34.3167,
    "total_output_tokens": 256,
    "aggregate_output_tokens_per_second": 7.4599,
    "mean_request_latency_seconds": 34.2376,
    "min_request_latency_seconds": 34.1497,
    "max_request_latency_seconds": 34.3153,
    "mean_process_cpu_normalized_percent": 97.09,
    "peak_process_cpu_normalized_percent": 101.55,
    "mean_host_cpu_percent": 97.37,
    "peak_rss_mib": 4643.22,
    "errors": []
  }
]

Saved: /var/lib/ai-infra/benchmarks/phase9/concurrency-capacity.json
Saved: /var/lib/ai-infra/benchmarks/phase9/concurrency-requests.csv
Saved: /var/lib/ai-infra/benchmarks/phase9/concurrency-resource-samples.csv
