Loading tokenizer and model...

A_baseline: input=39, output ceiling=64
  Run 1: 9.7468 s | 64 tokens | 6.5662 tok/s
  Run 2: 9.7432 s | 64 tokens | 6.5687 tok/s
  Run 3: 9.8762 s | 64 tokens | 6.4802 tok/s

B_long_input: input=271, output ceiling=64
  Run 1: 12.2117 s | 64 tokens | 5.2409 tok/s
  Run 2: 12.2733 s | 64 tokens | 5.2146 tok/s
  Run 3: 12.0414 s | 64 tokens | 5.315 tok/s

C_long_output: input=39, output ceiling=128
  Run 1: 19.0465 s | 128 tokens | 6.7204 tok/s
  Run 2: 19.0197 s | 128 tokens | 6.7299 tok/s
  Run 3: 19.0292 s | 128 tokens | 6.7265 tok/s

D_combined: input=271, output ceiling=128
  Run 1: 22.3534 s | 128 tokens | 5.7262 tok/s
  Run 2: 22.3834 s | 128 tokens | 5.7185 tok/s
  Run 3: 22.481 s | 128 tokens | 5.6937 tok/s

========== PHASE 9.5 SUMMARY ==========
[
  {
    "experiment": "A_baseline",
    "input_tokens": 39,
    "output_ceiling": 64,
    "mean_actual_output_tokens": 64,
    "mean_latency_seconds": 9.7887,
    "mean_generation_tokens_per_second": 6.5384,
    "mean_cpu_normalized_percent": 98.66,
    "peak_rss_mib": 4523.85
  },
  {
    "experiment": "B_long_input",
    "input_tokens": 271,
    "output_ceiling": 64,
    "mean_actual_output_tokens": 64,
    "mean_latency_seconds": 12.1755,
    "mean_generation_tokens_per_second": 5.2568,
    "mean_cpu_normalized_percent": 99.13,
    "peak_rss_mib": 4659.02
  },
  {
    "experiment": "C_long_output",
    "input_tokens": 39,
    "output_ceiling": 128,
    "mean_actual_output_tokens": 128,
    "mean_latency_seconds": 19.0318,
    "mean_generation_tokens_per_second": 6.7256,
    "mean_cpu_normalized_percent": 99.65,
    "peak_rss_mib": 4606.54
  },
  {
    "experiment": "D_combined",
    "input_tokens": 271,
    "output_ceiling": 128,
    "mean_actual_output_tokens": 128,
    "mean_latency_seconds": 22.4059,
    "mean_generation_tokens_per_second": 5.7128,
    "mean_cpu_normalized_percent": 99.39,
    "peak_rss_mib": 4665.11
  }
]

Saved: /var/lib/ai-infra/benchmarks/phase9/workload-scaling.json
Saved: /var/lib/ai-infra/benchmarks/phase9/workload-scaling.csv
Saved: /var/lib/ai-infra/benchmarks/phase9/workload-scaling-samples.csv
