[transformers] `torch_dtype` is deprecated! Use `dtype` instead!
======================================================================
WEEK 2 GPU WORKLOAD-SHAPE BENCHMARK
======================================================================
Model: TinyLlama/TinyLlama-1.1B-Chat-v1.0
Revision: fe8a4ea1ffedaf415f4da2f062534de366a451e6
Precision: fp32
GPU: Tesla T4
Batch sizes: [1]

Loading weights:   0%|          | 0/201 [00:00<?, ?it/s]Loading weights:   0%|          | 1/201 [00:00<00:31,  6.35it/s]Loading weights:  15%|█▌        | 31/201 [00:00<00:01, 141.17it/s]Loading weights:  27%|██▋       | 55/201 [00:00<00:00, 179.38it/s]Loading weights:  38%|███▊      | 76/201 [00:00<00:00, 173.69it/s]Loading weights:  48%|████▊     | 96/201 [00:00<00:00, 178.43it/s]Loading weights:  60%|██████    | 121/201 [00:00<00:00, 192.25it/s]Loading weights:  70%|███████   | 141/201 [00:00<00:00, 192.67it/s]Loading weights:  83%|████████▎ | 166/201 [00:00<00:00, 193.62it/s]Loading weights:  93%|█████████▎| 186/201 [00:01<00:00, 194.21it/s]Loading weights: 100%|██████████| 201/201 [00:01<00:00, 185.00it/s]
[transformers] Both `max_new_tokens` (=64) and `max_length`(=2048) seem to have been set. `max_new_tokens` will take precedence. Please refer to the documentation for more information. (https://huggingface.co/docs/transformers/main/en/main_classes/text_generation)
[transformers] Both `max_new_tokens` (=64) and `max_length`(=2048) seem to have been set. `max_new_tokens` will take precedence. Please refer to the documentation for more information. (https://huggingface.co/docs/transformers/main/en/main_classes/text_generation)
[transformers] Both `max_new_tokens` (=64) and `max_length`(=2048) seem to have been set. `max_new_tokens` will take precedence. Please refer to the documentation for more information. (https://huggingface.co/docs/transformers/main/en/main_classes/text_generation)
[transformers] Both `max_new_tokens` (=64) and `max_length`(=2048) seem to have been set. `max_new_tokens` will take precedence. Please refer to the documentation for more information. (https://huggingface.co/docs/transformers/main/en/main_classes/text_generation)
Tokenizer load: 0.245s
Model load: 2.687s
GPU allocated after model load: 4196.35 MiB

--- Batch size 1 ---
Starting synchronized telemetry: /home/ssm-user/ai-infrastructure-engineering/week02-gpu-architecture/results/rerun-synchronized/gpu_monitor_fp32_batch1.csv
run=1 latency=1.336s tokens/s=47.9028 peak_vram=4211.86 MiB
run=2 latency=1.3336s tokens/s=47.989 peak_vram=4211.86 MiB
run=3 latency=1.332s tokens/s=48.0492 peak_vram=4211.86 MiB
Stopped synchronized telemetry: /home/ssm-user/ai-infrastructure-engineering/week02-gpu-architecture/results/rerun-synchronized/gpu_monitor_fp32_batch1.csv
mean latency: 1.3339 seconds
mean tokens/sec: 47.9803

======================================================================
RESULTS
======================================================================
JSON: /home/ssm-user/ai-infrastructure-engineering/week02-gpu-architecture/results/rerun-synchronized/benchmark_fp32.json
CSV : /home/ssm-user/ai-infrastructure-engineering/week02-gpu-architecture/results/rerun-synchronized/benchmark_fp32.csv
