[transformers] `torch_dtype` is deprecated! Use `dtype` instead!
======================================================================
WEEK 2 GPU WORKLOAD-SHAPE BENCHMARK
======================================================================
Model: TinyLlama/TinyLlama-1.1B-Chat-v1.0
Revision: fe8a4ea1ffedaf415f4da2f062534de366a451e6
Precision: fp32
GPU: Tesla T4
Batch sizes: [4]

Loading weights:   0%|          | 0/201 [00:00<?, ?it/s]Loading weights:   0%|          | 1/201 [00:00<00:24,  8.29it/s]Loading weights:  15%|█▌        | 31/201 [00:00<00:01, 158.46it/s]Loading weights:  29%|██▉       | 58/201 [00:00<00:00, 170.82it/s]Loading weights:  39%|███▉      | 78/201 [00:00<00:00, 177.64it/s]Loading weights:  51%|█████     | 103/201 [00:00<00:00, 197.58it/s]Loading weights:  62%|██████▏   | 124/201 [00:00<00:00, 198.89it/s]Loading weights:  74%|███████▎  | 148/201 [00:00<00:00, 195.66it/s]Loading weights:  86%|████████▌ | 172/201 [00:00<00:00, 207.78it/s]Loading weights:  97%|█████████▋| 194/201 [00:01<00:00, 194.65it/s]Loading weights: 100%|██████████| 201/201 [00:01<00:00, 191.18it/s]
[transformers] Both `max_new_tokens` (=64) and `max_length`(=2048) seem to have been set. `max_new_tokens` will take precedence. Please refer to the documentation for more information. (https://huggingface.co/docs/transformers/main/en/main_classes/text_generation)
[transformers] Both `max_new_tokens` (=64) and `max_length`(=2048) seem to have been set. `max_new_tokens` will take precedence. Please refer to the documentation for more information. (https://huggingface.co/docs/transformers/main/en/main_classes/text_generation)
[transformers] Both `max_new_tokens` (=64) and `max_length`(=2048) seem to have been set. `max_new_tokens` will take precedence. Please refer to the documentation for more information. (https://huggingface.co/docs/transformers/main/en/main_classes/text_generation)
[transformers] Both `max_new_tokens` (=64) and `max_length`(=2048) seem to have been set. `max_new_tokens` will take precedence. Please refer to the documentation for more information. (https://huggingface.co/docs/transformers/main/en/main_classes/text_generation)
Tokenizer load: 0.245s
Model load: 2.702s
GPU allocated after model load: 4196.35 MiB

--- Batch size 4 ---
Starting synchronized telemetry: /home/ssm-user/ai-infrastructure-engineering/week02-gpu-architecture/results/rerun-synchronized/gpu_monitor_fp32_batch4.csv
run=1 latency=1.8394s tokens/s=139.1758 peak_vram=4233.99 MiB
run=2 latency=1.8562s tokens/s=137.9154 peak_vram=4233.99 MiB
run=3 latency=1.8586s tokens/s=137.739 peak_vram=4233.99 MiB
Stopped synchronized telemetry: /home/ssm-user/ai-infrastructure-engineering/week02-gpu-architecture/results/rerun-synchronized/gpu_monitor_fp32_batch4.csv
mean latency: 1.8514 seconds
mean tokens/sec: 138.2767

======================================================================
RESULTS
======================================================================
JSON: /home/ssm-user/ai-infrastructure-engineering/week02-gpu-architecture/results/rerun-synchronized/benchmark_fp32.json
CSV : /home/ssm-user/ai-infrastructure-engineering/week02-gpu-architecture/results/rerun-synchronized/benchmark_fp32.csv
