[transformers] `torch_dtype` is deprecated! Use `dtype` instead!
======================================================================
WEEK 2 GPU WORKLOAD-SHAPE BENCHMARK
======================================================================
Model: TinyLlama/TinyLlama-1.1B-Chat-v1.0
Revision: fe8a4ea1ffedaf415f4da2f062534de366a451e6
Precision: fp32
GPU: Tesla T4
Batch sizes: [8]

Loading weights:   0%|          | 0/201 [00:00<?, ?it/s]Loading weights:   0%|          | 1/201 [00:00<00:21,  9.39it/s]Loading weights:  15%|█▌        | 31/201 [00:00<00:00, 172.55it/s]Loading weights:  25%|██▍       | 50/201 [00:00<00:00, 175.95it/s]Loading weights:  38%|███▊      | 76/201 [00:00<00:00, 189.45it/s]Loading weights:  51%|█████     | 103/201 [00:00<00:00, 193.82it/s]Loading weights:  65%|██████▍   | 130/201 [00:00<00:00, 197.63it/s]Loading weights:  75%|███████▍  | 150/201 [00:00<00:00, 197.87it/s]Loading weights:  87%|████████▋ | 175/201 [00:00<00:00, 193.92it/s]Loading weights: 100%|██████████| 201/201 [00:01<00:00, 194.79it/s]
[transformers] Both `max_new_tokens` (=64) and `max_length`(=2048) seem to have been set. `max_new_tokens` will take precedence. Please refer to the documentation for more information. (https://huggingface.co/docs/transformers/main/en/main_classes/text_generation)
[transformers] Both `max_new_tokens` (=64) and `max_length`(=2048) seem to have been set. `max_new_tokens` will take precedence. Please refer to the documentation for more information. (https://huggingface.co/docs/transformers/main/en/main_classes/text_generation)
[transformers] Both `max_new_tokens` (=64) and `max_length`(=2048) seem to have been set. `max_new_tokens` will take precedence. Please refer to the documentation for more information. (https://huggingface.co/docs/transformers/main/en/main_classes/text_generation)
[transformers] Both `max_new_tokens` (=64) and `max_length`(=2048) seem to have been set. `max_new_tokens` will take precedence. Please refer to the documentation for more information. (https://huggingface.co/docs/transformers/main/en/main_classes/text_generation)
Tokenizer load: 0.238s
Model load: 2.692s
GPU allocated after model load: 4196.35 MiB

--- Batch size 8 ---
Starting synchronized telemetry: /home/ssm-user/ai-infrastructure-engineering/week02-gpu-architecture/results/rerun-synchronized/gpu_monitor_fp32_batch8.csv
run=1 latency=2.446s tokens/s=209.3192 peak_vram=4263.5 MiB
run=2 latency=2.4673s tokens/s=207.5131 peak_vram=4263.5 MiB
run=3 latency=2.4783s tokens/s=206.5916 peak_vram=4263.5 MiB
Stopped synchronized telemetry: /home/ssm-user/ai-infrastructure-engineering/week02-gpu-architecture/results/rerun-synchronized/gpu_monitor_fp32_batch8.csv
mean latency: 2.4639 seconds
mean tokens/sec: 207.808

======================================================================
RESULTS
======================================================================
JSON: /home/ssm-user/ai-infrastructure-engineering/week02-gpu-architecture/results/rerun-synchronized/benchmark_fp32.json
CSV : /home/ssm-user/ai-infrastructure-engineering/week02-gpu-architecture/results/rerun-synchronized/benchmark_fp32.csv
