[transformers] `torch_dtype` is deprecated! Use `dtype` instead!
======================================================================
WEEK 2 GPU WORKLOAD-SHAPE BENCHMARK
======================================================================
Model: TinyLlama/TinyLlama-1.1B-Chat-v1.0
Revision: fe8a4ea1ffedaf415f4da2f062534de366a451e6
Precision: fp16
GPU: Tesla T4
Batch sizes: [8]

Loading weights:   0%|          | 0/201 [00:00<?, ?it/s]Loading weights:   0%|          | 1/201 [00:00<00:28,  7.10it/s]Loading weights:  20%|██        | 41/201 [00:00<00:00, 200.55it/s]Loading weights:  33%|███▎      | 67/201 [00:00<00:00, 211.44it/s]Loading weights:  47%|████▋     | 94/201 [00:00<00:00, 222.77it/s]Loading weights:  60%|██████    | 121/201 [00:00<00:00, 219.20it/s]Loading weights:  74%|███████▎  | 148/201 [00:00<00:00, 224.56it/s]Loading weights:  87%|████████▋ | 175/201 [00:00<00:00, 228.22it/s]Loading weights: 100%|██████████| 201/201 [00:00<00:00, 217.92it/s]
[transformers] Both `max_new_tokens` (=64) and `max_length`(=2048) seem to have been set. `max_new_tokens` will take precedence. Please refer to the documentation for more information. (https://huggingface.co/docs/transformers/main/en/main_classes/text_generation)
[transformers] Both `max_new_tokens` (=64) and `max_length`(=2048) seem to have been set. `max_new_tokens` will take precedence. Please refer to the documentation for more information. (https://huggingface.co/docs/transformers/main/en/main_classes/text_generation)
[transformers] Both `max_new_tokens` (=64) and `max_length`(=2048) seem to have been set. `max_new_tokens` will take precedence. Please refer to the documentation for more information. (https://huggingface.co/docs/transformers/main/en/main_classes/text_generation)
[transformers] Both `max_new_tokens` (=64) and `max_length`(=2048) seem to have been set. `max_new_tokens` will take precedence. Please refer to the documentation for more information. (https://huggingface.co/docs/transformers/main/en/main_classes/text_generation)
Tokenizer load: 0.265s
Model load: 2.021s
GPU allocated after model load: 2100.18 MiB

--- Batch size 8 ---
Starting synchronized telemetry: /home/ssm-user/ai-infrastructure-engineering/week02-gpu-architecture/results/rerun-synchronized/gpu_monitor_fp16_batch8.csv
run=1 latency=1.4771s tokens/s=346.6163 peak_vram=2138.51 MiB
run=2 latency=1.4741s tokens/s=347.3355 peak_vram=2138.51 MiB
run=3 latency=1.4705s tokens/s=348.1828 peak_vram=2138.51 MiB
Stopped synchronized telemetry: /home/ssm-user/ai-infrastructure-engineering/week02-gpu-architecture/results/rerun-synchronized/gpu_monitor_fp16_batch8.csv
mean latency: 1.4739 seconds
mean tokens/sec: 347.3782

======================================================================
RESULTS
======================================================================
JSON: /home/ssm-user/ai-infrastructure-engineering/week02-gpu-architecture/results/rerun-synchronized/benchmark_fp16.json
CSV : /home/ssm-user/ai-infrastructure-engineering/week02-gpu-architecture/results/rerun-synchronized/benchmark_fp16.csv
